[CONTROLLER] Logger initialized
[CONTROLLER] Fetching Version...
[CONTROLLER] Version Fetched.
[CONTROLLER] Running Leyo
[CONTROLLER] Version:
[CONTROLLER] 0.1.0-alpha
[CONTROLLER] Build started
[CONTROLLER] Input file opened successfully
[CONTROLLER] File loaded into memory
[BUILD][LEXER] Lexer started
[BUILD][LEXER] Entering NORMAL mode
[BUILD][LEXER] Switching to IDENTIFIER mode
[BUILD][LEXER] Entering IDENTIFIER mode
[BUILD][LEXER] Token pushed to stream
[BUILD][LEXER] Entering NORMAL mode
[BUILD][LEXER] Switching to IDENTIFIER mode
[BUILD][LEXER] Entering IDENTIFIER mode
[BUILD][LEXER] Token pushed to stream
[BUILD][LEXER] Entering NORMAL mode
[BUILD][LEXER] Token pushed to stream
[BUILD][LEXER] Entering NORMAL mode
[BUILD][LEXER] Entering NORMAL mode
[BUILD][LEXER] Switching to NUMBER mode
[BUILD][LEXER] Entering NUMBER mode
[BUILD][LEXER] Token pushed to stream
[BUILD][LEXER] Entering NORMAL mode
[BUILD][LEXER] Token pushed to stream
[BUILD][LEXER] Entering NORMAL mode
[BUILD][LEXER] Entering NORMAL mode
[BUILD][LEXER] Entering NORMAL mode
[BUILD][LEXER] Switching to IDENTIFIER mode
[BUILD][LEXER] Entering IDENTIFIER mode
[BUILD][LEXER] Token pushed to stream
[BUILD][LEXER] Entering NORMAL mode
[BUILD][LEXER] Switching to IDENTIFIER mode
[BUILD][LEXER] Entering IDENTIFIER mode
[BUILD][LEXER] Token pushed to stream
[BUILD][LEXER] Entering NORMAL mode
[BUILD][LEXER] Switching to IDENTIFIER mode
[BUILD][LEXER] Entering IDENTIFIER mode
[BUILD][LEXER] Token pushed to stream
[BUILD][LEXER] Entering NORMAL mode
[BUILD][LEXER] Token pushed to stream
[BUILD][LEXER] Entering NORMAL mode
[BUILD][LEXER] Entering NORMAL mode
[BUILD][LEXER] Token pushed to stream
[BUILD][LEXER] Entering NORMAL mode
[BUILD][LEXER] Token pushed to stream
[BUILD][LEXER] Entering NORMAL mode
[BUILD][LEXER] Token pushed to stream
[BUILD][LEXER] Token pushed to stream
[BUILD][LEXER] Lexer finished
[CONTROLLER] Tokenisation completed
[CONTROLLER] Printing token stream
[CONTROLLER] Finished printing token stream
[BUILD][PARSER] Parser started
[BUILD][PARSER] Parsing statement
[BUILD][PARSER] Parsing variable declaration
[BUILD][PARSER] Stored first half-byte
[BUILD][PARSER] Flushed half-byte pair into byte
[BUILD][PARSER] Parsing identifier for variable declaration
[BUILD][PARSER] Writing raw expression
[BUILD][PARSER] Parsing expression for variable assignment
[BUILD][PARSER] Writing raw expression
[BUILD][PARSER] Finished variable declaration
[BUILD][PARSER] End of statement
[BUILD][PARSER] Parsing statement
[BUILD][PARSER] Parsing variable declaration
[BUILD][PARSER] Stored first half-byte
[BUILD][PARSER] Array declaration detected
[BUILD][PARSER] Flushed half-byte pair into byte
[BUILD][PARSER] Parsing identifier for variable declaration
[BUILD][PARSER] Writing raw expression
[BUILD][PARSER] Parsing expression for variable assignment
[BUILD][PARSER] Writing raw expression
[BUILD][PARSER] Finished variable declaration
[BUILD][PARSER] End of statement
[BUILD][PARSER] Parser finished successfully
[CONTROLLER] Parsing to bytecode completed
[CONTROLLER] Bytecode successfully generated
[CONTROLLER] Printing bytecode output
[CONTROLLER] Finished printing bytecode output
[CONTROLLER] Program built successfully
